Archive member included because of file (symbol)

../teste1_bsp/\libhal_bsp.a(alt_load.o)
                              ../teste1_bsp//obj/HAL/src/crt0.o (alt_load)
../teste1_bsp/\libhal_bsp.a(alt_main.o)
                              ../teste1_bsp//obj/HAL/src/crt0.o (alt_main)
../teste1_bsp/\libhal_bsp.a(alt_usleep.o)
                              obj/default/hello_world_small.o (usleep)
../teste1_bsp/\libhal_bsp.a(alt_sys_init.o)
                              ../teste1_bsp/\libhal_bsp.a(alt_main.o) (alt_sys_init)
../teste1_bsp/\libhal_bsp.a(alt_busy_sleep.o)
                              ../teste1_bsp/\libhal_bsp.a(alt_usleep.o) (alt_busy_sleep)
../teste1_bsp/\libhal_bsp.a(alt_dcache_flush_all.o)
                              ../teste1_bsp/\libhal_bsp.a(alt_load.o) (alt_dcache_flush_all)
../teste1_bsp/\libhal_bsp.a(alt_icache_flush_all.o)
                              ../teste1_bsp/\libhal_bsp.a(alt_load.o) (alt_icache_flush_all)
../teste1_bsp/\libhal_bsp.a(altera_nios2_qsys_irq.o)
                              ../teste1_bsp/\libhal_bsp.a(alt_sys_init.o) (altera_nios2_qsys_irq_init)
c:/altera/13.0sp1/nios2eds/bin/gnu/h-i686-mingw32/bin/../lib/gcc/nios2-elf/4.1.2/mno-hw-mul\libgcc.a(lib2-divmod.o)
                              ../teste1_bsp/\libhal_bsp.a(alt_busy_sleep.o) (__udivsi3)
c:/altera/13.0sp1/nios2eds/bin/gnu/h-i686-mingw32/bin/../lib/gcc/nios2-elf/4.1.2/mno-hw-mul\libgcc.a(lib2-mul.o)
                              ../teste1_bsp/\libhal_bsp.a(alt_busy_sleep.o) (__mulsi3)

Allocating common symbols
Common symbol       size              file

max_timer3          0x2               obj/default/hello_world_small.o
ledg                0x1               obj/default/hello_world_small.o
max_timer2          0x2               obj/default/hello_world_small.o
max_timer1          0x2               obj/default/hello_world_small.o
key                 0x1               obj/default/hello_world_small.o
sw                  0x1               obj/default/hello_world_small.o
ledr                0x1               obj/default/hello_world_small.o

Memory Configuration

Name             Origin             Length             Attributes
reset            0x00010000         0x00000020
onchip_memory2_avsb 0x00010020         0x00009fe0
*default*        0x00000000         0xffffffff

Linker script and memory map

LOAD ../teste1_bsp//obj/HAL/src/crt0.o
                0x0001000c                exit = _exit
LOAD obj/default/hello_world_small.o
LOAD c:/altera/13.0sp1/nios2eds/bin/gnu/h-i686-mingw32/bin/../lib/gcc/nios2-elf/4.1.2/../../../../nios2-elf/lib/mno-hw-mul\libstdc++.a
LOAD c:/altera/13.0sp1/nios2eds/bin/gnu/h-i686-mingw32/bin/../lib/gcc/nios2-elf/4.1.2/../../../../nios2-elf/lib/mno-hw-mul\libm.a
LOAD c:/altera/13.0sp1/nios2eds/bin/gnu/h-i686-mingw32/bin/../lib/gcc/nios2-elf/4.1.2/mno-hw-mul\libgcc.a
START GROUP
LOAD c:/altera/13.0sp1/nios2eds/bin/gnu/h-i686-mingw32/bin/../lib/gcc/nios2-elf/4.1.2/../../../../nios2-elf/lib/mno-hw-mul\libsmallc.a
LOAD c:/altera/13.0sp1/nios2eds/bin/gnu/h-i686-mingw32/bin/../lib/gcc/nios2-elf/4.1.2/mno-hw-mul\libgcc.a
LOAD ../teste1_bsp/\libhal_bsp.a
END GROUP
LOAD c:/altera/13.0sp1/nios2eds/bin/gnu/h-i686-mingw32/bin/../lib/gcc/nios2-elf/4.1.2/mno-hw-mul\libgcc.a
                0x00010000                __alt_mem_onchip_memory2_avsb = 0x10000

.entry          0x00010000       0x20
 *(.entry)
 .entry         0x00010000       0x20 ../teste1_bsp//obj/HAL/src/crt0.o
                0x00010000                __reset
                0x0001000c                _exit

.exceptions     0x00010020        0x0
                0x00010020                PROVIDE (__ram_exceptions_start, ABSOLUTE (.))
                0x00010020                . = ALIGN (0x20)
 *(.irq)
 *(.exceptions.entry.label)
 *(.exceptions.entry.user)
 *(.exceptions.entry)
 *(.exceptions.irqtest.user)
 *(.exceptions.irqtest)
 *(.exceptions.irqhandler.user)
 *(.exceptions.irqhandler)
 *(.exceptions.irqreturn.user)
 *(.exceptions.irqreturn)
 *(.exceptions.notirq.label)
 *(.exceptions.notirq.user)
 *(.exceptions.notirq)
 *(.exceptions.soft.user)
 *(.exceptions.soft)
 *(.exceptions.unknown.user)
 *(.exceptions.unknown)
 *(.exceptions.exit.label)
 *(.exceptions.exit.user)
 *(.exceptions.exit)
 *(.exceptions)
                0x00010020                PROVIDE (__ram_exceptions_end, ABSOLUTE (.))
                0x00010020                PROVIDE (__flash_exceptions_start, LOADADDR (.exceptions))

.text           0x00010020      0x5ec
                0x00010020                PROVIDE (stext, ABSOLUTE (.))
 *(.interp)
 *(.hash)
 *(.dynsym)
 *(.dynstr)
 *(.gnu.version)
 *(.gnu.version_d)
 *(.gnu.version_r)
 *(.rel.init)
 *(.rela.init)
 *(.rel.text .rel.text.* .rel.gnu.linkonce.t.*)
 *(.rela.text .rela.text.* .rela.gnu.linkonce.t.*)
 *(.rel.fini)
 *(.rela.fini)
 *(.rel.rodata .rel.rodata.* .rel.gnu.linkonce.r.*)
 *(.rela.rodata .rela.rodata.* .rela.gnu.linkonce.r.*)
 *(.rel.data .rel.data.* .rel.gnu.linkonce.d.*)
 *(.rela.data .rela.data.* .rela.gnu.linkonce.d.*)
 *(.rel.tdata .rel.tdata.* .rel.gnu.linkonce.td.*)
 *(.rela.tdata .rela.tdata.* .rela.gnu.linkonce.td.*)
 *(.rel.tbss .rel.tbss.* .rel.gnu.linkonce.tb.*)
 *(.rela.tbss .rela.tbss.* .rela.gnu.linkonce.tb.*)
 *(.rel.ctors)
 *(.rela.ctors)
 *(.rel.dtors)
 *(.rela.dtors)
 *(.rel.got)
 *(.rela.got)
 *(.rel.sdata .rel.sdata.* .rel.gnu.linkonce.s.*)
 *(.rela.sdata .rela.sdata.* .rela.gnu.linkonce.s.*)
 *(.rel.sbss .rel.sbss.* .rel.gnu.linkonce.sb.*)
 *(.rela.sbss .rela.sbss.* .rela.gnu.linkonce.sb.*)
 *(.rel.sdata2 .rel.sdata2.* .rel.gnu.linkonce.s2.*)
 *(.rela.sdata2 .rela.sdata2.* .rela.gnu.linkonce.s2.*)
 *(.rel.sbss2 .rel.sbss2.* .rel.gnu.linkonce.sb2.*)
 *(.rela.sbss2 .rela.sbss2.* .rela.gnu.linkonce.sb2.*)
 *(.rel.bss .rel.bss.* .rel.gnu.linkonce.b.*)
 *(.rela.bss .rela.bss.* .rela.gnu.linkonce.b.*)
 *(.rel.plt)
 *(.rela.plt)
 *(.rel.dyn)
 *(.init)
 *(.plt)
 *(.text .stub .text.* .gnu.linkonce.t.*)
 .text          0x00010020       0x3c ../teste1_bsp//obj/HAL/src/crt0.o
                0x00010020                _start
 .text          0x0001005c      0x2b0 obj/default/hello_world_small.o
                0x0001005c                f_maq
                0x00010184                f_timer3
                0x000101ac                f_timer2
                0x000101e8                f_timer1
                0x00010224                f_timers
                0x000102a8                setup
                0x000102dc                loop
                0x000102f8                main
 .text          0x0001030c       0x8c ../teste1_bsp/\libhal_bsp.a(alt_load.o)
                0x0001032c                alt_load
 .text          0x00010398       0x2c ../teste1_bsp/\libhal_bsp.a(alt_main.o)
                0x00010398                alt_main
 .text          0x000103c4        0x4 ../teste1_bsp/\libhal_bsp.a(alt_usleep.o)
                0x000103c4                usleep
 .text          0x000103c8       0x24 ../teste1_bsp/\libhal_bsp.a(alt_sys_init.o)
                0x000103c8                alt_sys_init
                0x000103cc                alt_irq_init
 .text          0x000103ec       0x8c ../teste1_bsp/\libhal_bsp.a(alt_busy_sleep.o)
                0x000103ec                alt_busy_sleep
 .text          0x00010478        0x4 ../teste1_bsp/\libhal_bsp.a(alt_dcache_flush_all.o)
                0x00010478                alt_dcache_flush_all
 .text          0x0001047c        0x4 ../teste1_bsp/\libhal_bsp.a(alt_icache_flush_all.o)
                0x0001047c                alt_icache_flush_all
 .text          0x00010480        0x8 ../teste1_bsp/\libhal_bsp.a(altera_nios2_qsys_irq.o)
                0x00010480                altera_nios2_qsys_irq_init
 .text          0x00010488      0x14c c:/altera/13.0sp1/nios2eds/bin/gnu/h-i686-mingw32/bin/../lib/gcc/nios2-elf/4.1.2/mno-hw-mul\libgcc.a(lib2-divmod.o)
                0x00010504                __divsi3
                0x00010564                __modsi3
                0x000105c4                __udivsi3
                0x000105cc                __umodsi3
 .text          0x000105d4       0x38 c:/altera/13.0sp1/nios2eds/bin/gnu/h-i686-mingw32/bin/../lib/gcc/nios2-elf/4.1.2/mno-hw-mul\libgcc.a(lib2-mul.o)
                0x000105d4                __mulsi3
 *(.gnu.warning.*)
 *(.fini)
                0x0001060c                PROVIDE (__etext, ABSOLUTE (.))
                0x0001060c                PROVIDE (_etext, ABSOLUTE (.))
                0x0001060c                PROVIDE (etext, ABSOLUTE (.))
 *(.eh_frame_hdr)
                0x0001060c                . = ALIGN (0x4)
                0x0001060c                PROVIDE (__preinit_array_start, ABSOLUTE (.))
 *(.preinit_array)
                0x0001060c                PROVIDE (__preinit_array_end, ABSOLUTE (.))
                0x0001060c                PROVIDE (__init_array_start, ABSOLUTE (.))
 *(.init_array)
                0x0001060c                PROVIDE (__init_array_end, ABSOLUTE (.))
                0x0001060c                PROVIDE (__fini_array_start, ABSOLUTE (.))
 *(.fini_array)
                0x0001060c                PROVIDE (__fini_array_end, ABSOLUTE (.))
 *(.eh_frame)
 *(.gcc_except_table)
 *(.dynamic)
                0x0001060c                PROVIDE (__CTOR_LIST__, ABSOLUTE (.))
 *(.ctors)
 *(SORT(.ctors.*))
                0x0001060c                PROVIDE (__CTOR_END__, ABSOLUTE (.))
                0x0001060c                PROVIDE (__DTOR_LIST__, ABSOLUTE (.))
 *(.dtors)
 *(SORT(.dtors.*))
                0x0001060c                PROVIDE (__DTOR_END__, ABSOLUTE (.))
 *(.jcr)
                0x0001060c                . = ALIGN (0x4)

.rodata         0x0001060c        0x0
                0x0001060c                PROVIDE (__ram_rodata_start, ABSOLUTE (.))
                0x0001060c                . = ALIGN (0x4)
 *(.rodata .rodata.* .gnu.linkonce.r.*)
 *(.rodata1)
                0x0001060c                . = ALIGN (0x4)
                0x0001060c                PROVIDE (__ram_rodata_end, ABSOLUTE (.))
                0x0001060c                PROVIDE (__flash_rodata_start, LOADADDR (.rodata))

.rwdata         0x0001060c        0x8 load address 0x00010614
                0x0001060c                PROVIDE (__ram_rwdata_start, ABSOLUTE (.))
                0x0001060c                . = ALIGN (0x4)
 *(.got.plt)
 *(.got)
 *(.data1)
 *(.data .data.* .gnu.linkonce.d.*)
 .data          0x0001060c        0x0 ../teste1_bsp//obj/HAL/src/crt0.o
 .data          0x0001060c        0x0 obj/default/hello_world_small.o
 .data          0x0001060c        0x0 ../teste1_bsp/\libhal_bsp.a(alt_load.o)
 .data          0x0001060c        0x0 ../teste1_bsp/\libhal_bsp.a(alt_main.o)
 .data          0x0001060c        0x0 ../teste1_bsp/\libhal_bsp.a(alt_usleep.o)
 .data          0x0001060c        0x0 ../teste1_bsp/\libhal_bsp.a(alt_sys_init.o)
 .data          0x0001060c        0x0 ../teste1_bsp/\libhal_bsp.a(alt_busy_sleep.o)
 .data          0x0001060c        0x0 ../teste1_bsp/\libhal_bsp.a(alt_dcache_flush_all.o)
 .data          0x0001060c        0x0 ../teste1_bsp/\libhal_bsp.a(alt_icache_flush_all.o)
 .data          0x0001060c        0x0 ../teste1_bsp/\libhal_bsp.a(altera_nios2_qsys_irq.o)
 .data          0x0001060c        0x0 c:/altera/13.0sp1/nios2eds/bin/gnu/h-i686-mingw32/bin/../lib/gcc/nios2-elf/4.1.2/mno-hw-mul\libgcc.a(lib2-divmod.o)
 .data          0x0001060c        0x0 c:/altera/13.0sp1/nios2eds/bin/gnu/h-i686-mingw32/bin/../lib/gcc/nios2-elf/4.1.2/mno-hw-mul\libgcc.a(lib2-mul.o)
                0x0001860c                _gp = ABSOLUTE ((. + 0x8000))
                0x0001860c                PROVIDE (gp, _gp)
 *(.rwdata .rwdata.*)
 *(.sdata .sdata.* .gnu.linkonce.s.*)
 .sdata         0x0001060c        0x1 obj/default/hello_world_small.o
                0x0001060c                estado
 *fill*         0x0001060d        0x3 00
 .sdata         0x00010610        0x4 ../teste1_bsp/\libhal_bsp.a(alt_sys_init.o)
                0x00010610                jtag_uart_avsb
 *(.sdata2 .sdata2.* .gnu.linkonce.s2.*)
                0x00010614                . = ALIGN (0x4)
                0x00010614                _edata = ABSOLUTE (.)
                0x00010614                PROVIDE (edata, ABSOLUTE (.))
                0x00010614                PROVIDE (__ram_rwdata_end, ABSOLUTE (.))
                0x00010614                PROVIDE (__flash_rwdata_start, LOADADDR (.rwdata))

.bss            0x0001061c       0x24
                0x0001061c                __bss_start = ABSOLUTE (.)
                0x0001061c                PROVIDE (__sbss_start, ABSOLUTE (.))
                0x0001061c                PROVIDE (___sbss_start, ABSOLUTE (.))
 *(.dynsbss)
 *(.sbss .sbss.* .gnu.linkonce.sb.*)
 .sbss          0x0001061c        0xa obj/default/hello_world_small.o
                0x0001061c                dz
                0x0001061d                un
 .sbss          0x00010626        0xb obj/default/hello_world_small.o
                0x00010626                max_timer3
                0x00010628                ledg
                0x0001062a                max_timer2
                0x0001062c                max_timer1
                0x0001062e                key
                0x0001062f                sw
                0x00010630                ledr
 *fill*         0x00010631        0x3 00
 .sbss          0x00010634        0xc ../teste1_bsp/\libhal_bsp.a(alt_main.o)
                0x00010634                alt_argc
                0x00010638                alt_argv
                0x0001063c                alt_envp
 *(.sbss2 .sbss2.* .gnu.linkonce.sb2.*)
 *(.scommon)
                0x00010640                PROVIDE (__sbss_end, ABSOLUTE (.))
                0x00010640                PROVIDE (___sbss_end, ABSOLUTE (.))
 *(.dynbss)
 *(.bss .bss.* .gnu.linkonce.b.*)
 .bss           0x00010640        0x0 ../teste1_bsp//obj/HAL/src/crt0.o
 .bss           0x00010640        0x0 obj/default/hello_world_small.o
 .bss           0x00010640        0x0 ../teste1_bsp/\libhal_bsp.a(alt_load.o)
 .bss           0x00010640        0x0 ../teste1_bsp/\libhal_bsp.a(alt_main.o)
 .bss           0x00010640        0x0 ../teste1_bsp/\libhal_bsp.a(alt_usleep.o)
 .bss           0x00010640        0x0 ../teste1_bsp/\libhal_bsp.a(alt_sys_init.o)
 .bss           0x00010640        0x0 ../teste1_bsp/\libhal_bsp.a(alt_busy_sleep.o)
 .bss           0x00010640        0x0 ../teste1_bsp/\libhal_bsp.a(alt_dcache_flush_all.o)
 .bss           0x00010640        0x0 ../teste1_bsp/\libhal_bsp.a(alt_icache_flush_all.o)
 .bss           0x00010640        0x0 ../teste1_bsp/\libhal_bsp.a(altera_nios2_qsys_irq.o)
 .bss           0x00010640        0x0 c:/altera/13.0sp1/nios2eds/bin/gnu/h-i686-mingw32/bin/../lib/gcc/nios2-elf/4.1.2/mno-hw-mul\libgcc.a(lib2-divmod.o)
 .bss           0x00010640        0x0 c:/altera/13.0sp1/nios2eds/bin/gnu/h-i686-mingw32/bin/../lib/gcc/nios2-elf/4.1.2/mno-hw-mul\libgcc.a(lib2-mul.o)
 *(COMMON)
                0x00010640                . = ALIGN (0x4)
                0x00010640                __bss_end = ABSOLUTE (.)

.onchip_memory2_avsb
                0x00010640        0x0
                0x00010640                PROVIDE (_alt_partition_onchip_memory2_avsb_start, ABSOLUTE (.))
 *(.onchip_memory2_avsb. onchip_memory2_avsb.*)
                0x00010640                . = ALIGN (0x4)
                0x00010640                PROVIDE (_alt_partition_onchip_memory2_avsb_end, ABSOLUTE (.))
                0x00010640                _end = ABSOLUTE (.)
                0x00010640                end = ABSOLUTE (.)
                0x00010640                __alt_stack_base = ABSOLUTE (.)
                0x00010640                PROVIDE (_alt_partition_onchip_memory2_avsb_load_addr, LOADADDR (.onchip_memory2_avsb))

.stab
 *(.stab)

.stabstr
 *(.stabstr)

.stab.excl
 *(.stab.excl)

.stab.exclstr
 *(.stab.exclstr)

.stab.index
 *(.stab.index)

.stab.indexstr
 *(.stab.indexstr)

.comment        0x00000000       0x26
 *(.comment)
 .comment       0x00000000       0x26 obj/default/hello_world_small.o
                                 0x27 (size before relaxing)
 .comment       0x00000000       0x27 ../teste1_bsp/\libhal_bsp.a(alt_load.o)
 .comment       0x00000000       0x27 ../teste1_bsp/\libhal_bsp.a(alt_main.o)
 .comment       0x00000000       0x27 ../teste1_bsp/\libhal_bsp.a(alt_usleep.o)
 .comment       0x00000000       0x27 ../teste1_bsp/\libhal_bsp.a(alt_sys_init.o)
 .comment       0x00000000       0x27 ../teste1_bsp/\libhal_bsp.a(alt_busy_sleep.o)
 .comment       0x00000000       0x27 ../teste1_bsp/\libhal_bsp.a(alt_dcache_flush_all.o)
 .comment       0x00000000       0x27 ../teste1_bsp/\libhal_bsp.a(alt_icache_flush_all.o)
 .comment       0x00000000       0x27 ../teste1_bsp/\libhal_bsp.a(altera_nios2_qsys_irq.o)
 .comment       0x00000000       0x27 c:/altera/13.0sp1/nios2eds/bin/gnu/h-i686-mingw32/bin/../lib/gcc/nios2-elf/4.1.2/mno-hw-mul\libgcc.a(lib2-divmod.o)
 .comment       0x00000000       0x27 c:/altera/13.0sp1/nios2eds/bin/gnu/h-i686-mingw32/bin/../lib/gcc/nios2-elf/4.1.2/mno-hw-mul\libgcc.a(lib2-mul.o)

.debug
 *(.debug)

.line
 *(.line)

.debug_srcinfo
 *(.debug_srcinfo)

.debug_sfnames
 *(.debug_sfnames)

.debug_aranges  0x00000000      0x188
 *(.debug_aranges)
 .debug_aranges
                0x00000000       0x28 ../teste1_bsp//obj/HAL/src/crt0.o
 .debug_aranges
                0x00000028       0x20 obj/default/hello_world_small.o
 .debug_aranges
                0x00000048       0x20 ../teste1_bsp/\libhal_bsp.a(alt_load.o)
 .debug_aranges
                0x00000068       0x20 ../teste1_bsp/\libhal_bsp.a(alt_main.o)
 .debug_aranges
                0x00000088       0x20 ../teste1_bsp/\libhal_bsp.a(alt_usleep.o)
 .debug_aranges
                0x000000a8       0x20 ../teste1_bsp/\libhal_bsp.a(alt_sys_init.o)
 .debug_aranges
                0x000000c8       0x20 ../teste1_bsp/\libhal_bsp.a(alt_busy_sleep.o)
 .debug_aranges
                0x000000e8       0x20 ../teste1_bsp/\libhal_bsp.a(alt_dcache_flush_all.o)
 .debug_aranges
                0x00000108       0x20 ../teste1_bsp/\libhal_bsp.a(alt_icache_flush_all.o)
 .debug_aranges
                0x00000128       0x20 ../teste1_bsp/\libhal_bsp.a(altera_nios2_qsys_irq.o)
 .debug_aranges
                0x00000148       0x20 c:/altera/13.0sp1/nios2eds/bin/gnu/h-i686-mingw32/bin/../lib/gcc/nios2-elf/4.1.2/mno-hw-mul\libgcc.a(lib2-divmod.o)
 .debug_aranges
                0x00000168       0x20 c:/altera/13.0sp1/nios2eds/bin/gnu/h-i686-mingw32/bin/../lib/gcc/nios2-elf/4.1.2/mno-hw-mul\libgcc.a(lib2-mul.o)

.debug_pubnames
                0x00000000      0x2af
 *(.debug_pubnames)
 .debug_pubnames
                0x00000000       0xd3 obj/default/hello_world_small.o
 .debug_pubnames
                0x000000d3       0x1f ../teste1_bsp/\libhal_bsp.a(alt_load.o)
 .debug_pubnames
                0x000000f2       0x46 ../teste1_bsp/\libhal_bsp.a(alt_main.o)
 .debug_pubnames
                0x00000138       0x1d ../teste1_bsp/\libhal_bsp.a(alt_usleep.o)
 .debug_pubnames
                0x00000155       0x47 ../teste1_bsp/\libhal_bsp.a(alt_sys_init.o)
 .debug_pubnames
                0x0000019c       0x25 ../teste1_bsp/\libhal_bsp.a(alt_busy_sleep.o)
 .debug_pubnames
                0x000001c1       0x2b ../teste1_bsp/\libhal_bsp.a(alt_dcache_flush_all.o)
 .debug_pubnames
                0x000001ec       0x2b ../teste1_bsp/\libhal_bsp.a(alt_icache_flush_all.o)
 .debug_pubnames
                0x00000217       0x31 ../teste1_bsp/\libhal_bsp.a(altera_nios2_qsys_irq.o)
 .debug_pubnames
                0x00000248       0x48 c:/altera/13.0sp1/nios2eds/bin/gnu/h-i686-mingw32/bin/../lib/gcc/nios2-elf/4.1.2/mno-hw-mul\libgcc.a(lib2-divmod.o)
 .debug_pubnames
                0x00000290       0x1f c:/altera/13.0sp1/nios2eds/bin/gnu/h-i686-mingw32/bin/../lib/gcc/nios2-elf/4.1.2/mno-hw-mul\libgcc.a(lib2-mul.o)

.debug_info     0x00000000      0xccf
 *(.debug_info .gnu.linkonce.wi.*)
 .debug_info    0x00000000       0x79 ../teste1_bsp//obj/HAL/src/crt0.o
 .debug_info    0x00000079      0x255 obj/default/hello_world_small.o
 .debug_info    0x000002ce      0x12e ../teste1_bsp/\libhal_bsp.a(alt_load.o)
 .debug_info    0x000003fc      0x125 ../teste1_bsp/\libhal_bsp.a(alt_main.o)
 .debug_info    0x00000521       0xab ../teste1_bsp/\libhal_bsp.a(alt_usleep.o)
 .debug_info    0x000005cc      0x17d ../teste1_bsp/\libhal_bsp.a(alt_sys_init.o)
 .debug_info    0x00000749       0xd0 ../teste1_bsp/\libhal_bsp.a(alt_busy_sleep.o)
 .debug_info    0x00000819       0x8d ../teste1_bsp/\libhal_bsp.a(alt_dcache_flush_all.o)
 .debug_info    0x000008a6       0x8d ../teste1_bsp/\libhal_bsp.a(alt_icache_flush_all.o)
 .debug_info    0x00000933       0x8d ../teste1_bsp/\libhal_bsp.a(altera_nios2_qsys_irq.o)
 .debug_info    0x000009c0      0x21c c:/altera/13.0sp1/nios2eds/bin/gnu/h-i686-mingw32/bin/../lib/gcc/nios2-elf/4.1.2/mno-hw-mul\libgcc.a(lib2-divmod.o)
 .debug_info    0x00000bdc       0xf3 c:/altera/13.0sp1/nios2eds/bin/gnu/h-i686-mingw32/bin/../lib/gcc/nios2-elf/4.1.2/mno-hw-mul\libgcc.a(lib2-mul.o)

.debug_abbrev   0x00000000      0x62a
 *(.debug_abbrev)
 .debug_abbrev  0x00000000       0x12 ../teste1_bsp//obj/HAL/src/crt0.o
 .debug_abbrev  0x00000012      0x10a obj/default/hello_world_small.o
 .debug_abbrev  0x0000011c       0x97 ../teste1_bsp/\libhal_bsp.a(alt_load.o)
 .debug_abbrev  0x000001b3       0xa6 ../teste1_bsp/\libhal_bsp.a(alt_main.o)
 .debug_abbrev  0x00000259       0x5d ../teste1_bsp/\libhal_bsp.a(alt_usleep.o)
 .debug_abbrev  0x000002b6       0xe3 ../teste1_bsp/\libhal_bsp.a(alt_sys_init.o)
 .debug_abbrev  0x00000399       0x79 ../teste1_bsp/\libhal_bsp.a(alt_busy_sleep.o)
 .debug_abbrev  0x00000412       0x3f ../teste1_bsp/\libhal_bsp.a(alt_dcache_flush_all.o)
 .debug_abbrev  0x00000451       0x3f ../teste1_bsp/\libhal_bsp.a(alt_icache_flush_all.o)
 .debug_abbrev  0x00000490       0x3f ../teste1_bsp/\libhal_bsp.a(altera_nios2_qsys_irq.o)
 .debug_abbrev  0x000004cf       0xe0 c:/altera/13.0sp1/nios2eds/bin/gnu/h-i686-mingw32/bin/../lib/gcc/nios2-elf/4.1.2/mno-hw-mul\libgcc.a(lib2-divmod.o)
 .debug_abbrev  0x000005af       0x7b c:/altera/13.0sp1/nios2eds/bin/gnu/h-i686-mingw32/bin/../lib/gcc/nios2-elf/4.1.2/mno-hw-mul\libgcc.a(lib2-mul.o)

.debug_line     0x00000000     0x19a6
 *(.debug_line)
 .debug_line    0x00000000       0x66 ../teste1_bsp//obj/HAL/src/crt0.o
 .debug_line    0x00000066      0x4e0 obj/default/hello_world_small.o
 .debug_line    0x00000546      0x217 ../teste1_bsp/\libhal_bsp.a(alt_load.o)
 .debug_line    0x0000075d      0x2c2 ../teste1_bsp/\libhal_bsp.a(alt_main.o)
 .debug_line    0x00000a1f      0x202 ../teste1_bsp/\libhal_bsp.a(alt_usleep.o)
 .debug_line    0x00000c21      0x286 ../teste1_bsp/\libhal_bsp.a(alt_sys_init.o)
 .debug_line    0x00000ea7      0x25e ../teste1_bsp/\libhal_bsp.a(alt_busy_sleep.o)
 .debug_line    0x00001105      0x1b5 ../teste1_bsp/\libhal_bsp.a(alt_dcache_flush_all.o)
 .debug_line    0x000012ba      0x1b5 ../teste1_bsp/\libhal_bsp.a(alt_icache_flush_all.o)
 .debug_line    0x0000146f      0x1ce ../teste1_bsp/\libhal_bsp.a(altera_nios2_qsys_irq.o)
 .debug_line    0x0000163d      0x24f c:/altera/13.0sp1/nios2eds/bin/gnu/h-i686-mingw32/bin/../lib/gcc/nios2-elf/4.1.2/mno-hw-mul\libgcc.a(lib2-divmod.o)
 .debug_line    0x0000188c      0x11a c:/altera/13.0sp1/nios2eds/bin/gnu/h-i686-mingw32/bin/../lib/gcc/nios2-elf/4.1.2/mno-hw-mul\libgcc.a(lib2-mul.o)

.debug_frame    0x00000000      0x280
 *(.debug_frame)
 .debug_frame   0x00000000       0xb0 obj/default/hello_world_small.o
 .debug_frame   0x000000b0       0x38 ../teste1_bsp/\libhal_bsp.a(alt_load.o)
 .debug_frame   0x000000e8       0x28 ../teste1_bsp/\libhal_bsp.a(alt_main.o)
 .debug_frame   0x00000110       0x20 ../teste1_bsp/\libhal_bsp.a(alt_usleep.o)
 .debug_frame   0x00000130       0x38 ../teste1_bsp/\libhal_bsp.a(alt_sys_init.o)
 .debug_frame   0x00000168       0x28 ../teste1_bsp/\libhal_bsp.a(alt_busy_sleep.o)
 .debug_frame   0x00000190       0x20 ../teste1_bsp/\libhal_bsp.a(alt_dcache_flush_all.o)
 .debug_frame   0x000001b0       0x20 ../teste1_bsp/\libhal_bsp.a(alt_icache_flush_all.o)
 .debug_frame   0x000001d0       0x20 ../teste1_bsp/\libhal_bsp.a(altera_nios2_qsys_irq.o)
 .debug_frame   0x000001f0       0x70 c:/altera/13.0sp1/nios2eds/bin/gnu/h-i686-mingw32/bin/../lib/gcc/nios2-elf/4.1.2/mno-hw-mul\libgcc.a(lib2-divmod.o)
 .debug_frame   0x00000260       0x20 c:/altera/13.0sp1/nios2eds/bin/gnu/h-i686-mingw32/bin/../lib/gcc/nios2-elf/4.1.2/mno-hw-mul\libgcc.a(lib2-mul.o)

.debug_str      0x00000000      0x608
 *(.debug_str)
 .debug_str     0x00000000      0x158 obj/default/hello_world_small.o
                                0x19b (size before relaxing)
 .debug_str     0x00000158      0x139 ../teste1_bsp/\libhal_bsp.a(alt_load.o)
                                0x1ce (size before relaxing)
 .debug_str     0x00000291       0x75 ../teste1_bsp/\libhal_bsp.a(alt_main.o)
                                0x152 (size before relaxing)
 .debug_str     0x00000306       0x27 ../teste1_bsp/\libhal_bsp.a(alt_usleep.o)
                                0x104 (size before relaxing)
 .debug_str     0x0000032d       0xb4 ../teste1_bsp/\libhal_bsp.a(alt_sys_init.o)
                                0x1ca (size before relaxing)
 .debug_str     0x000003e1       0x42 ../teste1_bsp/\libhal_bsp.a(alt_busy_sleep.o)
                                0x127 (size before relaxing)
 .debug_str     0x00000423       0x34 ../teste1_bsp/\libhal_bsp.a(alt_dcache_flush_all.o)
                                0x111 (size before relaxing)
 .debug_str     0x00000457       0x34 ../teste1_bsp/\libhal_bsp.a(alt_icache_flush_all.o)
                                0x111 (size before relaxing)
 .debug_str     0x0000048b       0x3b ../teste1_bsp/\libhal_bsp.a(altera_nios2_qsys_irq.o)
                                0x118 (size before relaxing)
 .debug_str     0x000004c6      0x10b c:/altera/13.0sp1/nios2eds/bin/gnu/h-i686-mingw32/bin/../lib/gcc/nios2-elf/4.1.2/mno-hw-mul\libgcc.a(lib2-divmod.o)
                                0x1b4 (size before relaxing)
 .debug_str     0x000005d1       0x37 c:/altera/13.0sp1/nios2eds/bin/gnu/h-i686-mingw32/bin/../lib/gcc/nios2-elf/4.1.2/mno-hw-mul\libgcc.a(lib2-mul.o)
                                0x175 (size before relaxing)

.debug_loc      0x00000000      0x383
 *(.debug_loc)
 .debug_loc     0x00000000       0x8f obj/default/hello_world_small.o
 .debug_loc     0x0000008f       0x1f ../teste1_bsp/\libhal_bsp.a(alt_load.o)
 .debug_loc     0x000000ae       0x1f ../teste1_bsp/\libhal_bsp.a(alt_main.o)
 .debug_loc     0x000000cd       0x13 ../teste1_bsp/\libhal_bsp.a(alt_usleep.o)
 .debug_loc     0x000000e0       0x32 ../teste1_bsp/\libhal_bsp.a(alt_sys_init.o)
 .debug_loc     0x00000112       0x50 ../teste1_bsp/\libhal_bsp.a(alt_busy_sleep.o)
 .debug_loc     0x00000162      0x1d2 c:/altera/13.0sp1/nios2eds/bin/gnu/h-i686-mingw32/bin/../lib/gcc/nios2-elf/4.1.2/mno-hw-mul\libgcc.a(lib2-divmod.o)
 .debug_loc     0x00000334       0x4f c:/altera/13.0sp1/nios2eds/bin/gnu/h-i686-mingw32/bin/../lib/gcc/nios2-elf/4.1.2/mno-hw-mul\libgcc.a(lib2-mul.o)

.debug_macinfo
 *(.debug_macinfo)

.debug_weaknames
 *(.debug_weaknames)

.debug_funcnames
 *(.debug_funcnames)

.debug_typenames
 *(.debug_typenames)

.debug_varnames
 *(.debug_varnames)

.debug_alt_sim_info
                0x00000000       0x40
 *(.debug_alt_sim_info)
 .debug_alt_sim_info
                0x00000000       0x10 ../teste1_bsp//obj/HAL/src/crt0.o
 .debug_alt_sim_info
                0x00000010       0x30 ../teste1_bsp/\libhal_bsp.a(alt_busy_sleep.o)
                0x0001a000                __alt_data_end = 0x1a000
                0x0001a000                PROVIDE (__alt_stack_pointer, __alt_data_end)
                0x00010640                PROVIDE (__alt_stack_limit, __alt_stack_base)
                0x00010640                PROVIDE (__alt_heap_start, end)
                0x0001a000                PROVIDE (__alt_heap_limit, 0x1a000)
OUTPUT(teste1.elf elf32-littlenios2)

.debug_ranges   0x00000000       0x20
 .debug_ranges  0x00000000       0x20 ../teste1_bsp//obj/HAL/src/crt0.o
